2026-10-08 00:49:08,835 - [INFO] - ueba_benchmark - === UEBA BENCHMARK PIPELINE ===
2026-10-08 00:49:08,835 - [INFO] - ueba_benchmark - Cấu hình hệ thống: configs/system_config.yaml
2026-10-08 00:49:08,835 - [INFO] - ueba_benchmark - Giai đoạn thực thi: baselines
2026-10-08 00:49:11,474 - [INFO] - ueba_benchmark.models.benchmark - Đã nạp 'data\processed\feature_matrix_processed.parquet': 1,055,283 dòng x 46 cột, day 1..60.
2026-10-08 00:49:11,479 - [INFO] - ueba_benchmark.baselines - [baselines] dùng cache thống kê log 'data\features\baselines\rule_event_stats.parquet'.
2026-10-08 00:49:11,675 - [INFO] - ueba_benchmark.evaluation.split - Chia theo thời gian: train=721,612 dòng (day <= 42), test=333,671 dòng (day > 42), eval_ratio=31.62%.
2026-10-08 00:49:11,745 - [INFO] - ueba_benchmark.models.benchmark - [segment] train — Machine: 404,907 dòng (56.11%).
2026-10-08 00:49:11,797 - [INFO] - ueba_benchmark.models.benchmark - [segment] train — User: 314,847 dòng (43.63%).
2026-10-08 00:49:11,797 - [INFO] - ueba_benchmark.models.benchmark - [segment] train — LOẠI khỏi benchmark ML: 1,858 dòng (0.26%) {'Admin': 1371, 'Service': 317, 'System': 170}
2026-10-08 00:49:11,824 - [INFO] - ueba_benchmark.models.benchmark - [segment] đánh giá — Machine: 180,092 dòng (53.97%).
2026-10-08 00:49:11,849 - [INFO] - ueba_benchmark.models.benchmark - [segment] đánh giá — User: 152,740 dòng (45.78%).
2026-10-08 00:49:11,849 - [INFO] - ueba_benchmark.models.benchmark - [segment] đánh giá — LOẠI khỏi benchmark ML: 839 dòng (0.25%) {'Admin': 630, 'Service': 137, 'System': 72}
2026-10-08 00:49:12,513 - [INFO] - ueba_benchmark.baselines - [zscore_global] fit trên 404,907 dòng train: 21/39 đặc trưng MAD = 0 dùng sàn (q=0.25) ['failure_ratio', 'failure_locked_out_share', 'is_single_event', 'interactive_ratio', 'rare_logon_type_count_log', 'distinct_sources_count', 'new_source_count_7d', 'new_host_count_7d', 'days_since_last_activity', 'custom_proc_share', 'delta_mean_share_fail_7d', 'delta_mean_distinct_fail_host_7d', 'novelty_fail_host_7d', 'novelty_fail_failreason_7d', 'delta_mean_distinct_source_7d', 'jaccard_source_7d', 'peer_z_distinct_source', 'jaccard_hour_7d', 'novelty_share_pair_7d', 'dist_shift_logontype_7d', 'jaccard_logontype_7d']; hằng số (loại): []
2026-10-08 00:49:13,585 - [INFO] - ueba_benchmark.baselines - [zscore_global] fit trên 404,907 dòng train: 21/39 đặc trưng MAD = 0 dùng sàn (q=0.25) ['failure_ratio', 'failure_locked_out_share', 'is_single_event', 'interactive_ratio', 'rare_logon_type_count_log', 'distinct_sources_count', 'new_source_count_7d', 'new_host_count_7d', 'days_since_last_activity', 'custom_proc_share', 'delta_mean_share_fail_7d', 'delta_mean_distinct_fail_host_7d', 'novelty_fail_host_7d', 'novelty_fail_failreason_7d', 'delta_mean_distinct_source_7d', 'jaccard_source_7d', 'peer_z_distinct_source', 'jaccard_hour_7d', 'novelty_share_pair_7d', 'dist_shift_logontype_7d', 'jaccard_logontype_7d']; hằng số (loại): []
2026-10-08 00:49:13,888 - [INFO] - ueba_benchmark.baselines - [zscore_account] 11863/12983 tài khoản có >= 7 ngày train -> median/MAD riêng; còn lại dùng thống kê toàn cục.
2026-10-08 00:49:14,506 - [INFO] - ueba_benchmark.baselines - [rule_ecdf] ECDF fit trên 404,907 dòng train; ngưỡng ngoài: không
2026-10-08 00:49:14,716 - [INFO] - ueba_benchmark.baselines - [rule_external] ECDF fit trên 404,907 dòng train; ngưỡng ngoài: {'r1_failure_count': 5.0, 'r2_spray_accounts': 30.0}
2026-10-08 00:49:15,570 - [INFO] - ueba_benchmark.baselines - [zscore_global] fit trên 314,847 dòng train: 15/39 đặc trưng MAD = 0 dùng sàn (q=0.25) ['failure_ratio', 'failure_locked_out_share', 'is_single_event', 'interactive_ratio', 'ntlm_ratio', 'distinct_sources_count', 'new_source_count_7d', 'new_host_count_7d', 'days_since_last_activity', 'custom_proc_share', 'novelty_fail_host_7d', 'novelty_fail_failreason_7d', 'peer_z_distinct_source', 'jaccard_hour_7d', 'novelty_share_pair_7d']; hằng số (loại): []
2026-10-08 00:49:16,492 - [INFO] - ueba_benchmark.baselines - [zscore_global] fit trên 314,847 dòng train: 15/39 đặc trưng MAD = 0 dùng sàn (q=0.25) ['failure_ratio', 'failure_locked_out_share', 'is_single_event', 'interactive_ratio', 'ntlm_ratio', 'distinct_sources_count', 'new_source_count_7d', 'new_host_count_7d', 'days_since_last_activity', 'custom_proc_share', 'novelty_fail_host_7d', 'novelty_fail_failreason_7d', 'peer_z_distinct_source', 'jaccard_hour_7d', 'novelty_share_pair_7d']; hằng số (loại): []
2026-10-08 00:49:16,726 - [INFO] - ueba_benchmark.baselines - [zscore_account] 10441/16263 tài khoản có >= 7 ngày train -> median/MAD riêng; còn lại dùng thống kê toàn cục.
2026-10-08 00:49:17,244 - [INFO] - ueba_benchmark.baselines - [rule_ecdf] ECDF fit trên 314,847 dòng train; ngưỡng ngoài: không
2026-10-08 00:49:17,444 - [INFO] - ueba_benchmark.baselines - [rule_external] ECDF fit trên 314,847 dòng train; ngưỡng ngoài: {'r1_failure_count': 5.0, 'r2_spray_accounts': 30.0}
2026-10-08 00:49:17,679 - [INFO] - ueba_benchmark.baselines - [baselines] đã ghi 'experiments\results\baselines\baseline_scores.parquet' (1,052,586 dòng) và thresholds.json.
2026-10-08 00:49:17,682 - [INFO] - ueba_benchmark - --> [Stage Baselines] Điểm: experiments\results\baselines\baseline_scores.parquet | ước lượng L: {'lockout_threshold': 5, 'n_episodes': 673, 'p25': 4.0, 'median': 5.0, 'p75': 10.0}
